Found a view of 15028 bytes
Created At: 2026-08-14T14:26:01+02:00
Completed At: 2026-08-14T14:26:01+02:00
File Path: `file:///A:/omni%20read/scratch/RENDU_CHANGELOG.md`
Total Lines: 234
Total Bytes: 13922
Showing lines 1 to 234


Found a view of 41745 bytes
Created At: 2026-08-14T14:26:06+02:00
Completed At: 2026-08-14T14:26:06+02:00
File Path: `file:///A:/omni%20read/core/renderer.py`
Total Lines: 3348
Total Bytes: 167102
Showing lines 1 to 800
The foll

Found a view of 4742 bytes
Created At: 2026-08-14T14:26:15+02:00
Completed At: 2026-08-14T14:26:15+02:00
File Path: `file:///A:/omni%20read/core/renderer.py`
Total Lines: 3348
Total Bytes: 167102
Showing lines 1170 to 1250
The 

Found a view of 3123 bytes
Created At: 2026-08-14T14:26:21+02:00
Completed At: 2026-08-14T14:26:21+02:00
File Path: `file:///A:/omni%20read/core/renderer.py`
Total Lines: 3348
Total Bytes: 167102
Showing lines 539 to 585
The fo

Found a view of 4506 bytes
Created At: 2026-08-14T14:27:00+02:00
Completed At: 2026-08-14T14:27:00+02:00
File Path: `file:///A:/omni%20read/core/renderer.py`
Total Lines: 3348
Total Bytes: 167102
Showing lines 790 to 850
The fo

Found a view of 2952 bytes
Created At: 2026-08-14T14:27:08+02:00
Completed At: 2026-08-14T14:27:08+02:00
File Path: `file:///A:/omni%20read/core/renderer.py`
Total Lines: 3348
Total Bytes: 167102
Showing lines 910 to 950
The fo

Found a view of 3619 bytes
Created At: 2026-08-14T14:27:13+02:00
Completed At: 2026-08-14T14:27:13+02:00
File Path: `file:///A:/omni%20read/core/renderer.py`
Total Lines: 3348
Total Bytes: 167102
Showing lines 990 to 1040
The f

Found a view of 7516 bytes
Created At: 2026-08-14T14:27:17+02:00
Completed At: 2026-08-14T14:27:17+02:00
File Path: `file:///A:/omni%20read/core/renderer.py`
Total Lines: 3348
Total Bytes: 167102
Showing lines 1040 to 1150
The 

Found a view of 2284 bytes
Created At: 2026-08-14T14:27:21+02:00
Completed At: 2026-08-14T14:27:21+02:00
File Path: `file:///A:/omni%20read/core/renderer.py`
Total Lines: 3348
Total Bytes: 167102
Showing lines 1150 to 1182
The 

Found a view of 3180 bytes
Created At: 2026-08-14T14:27:29+02:00
Completed At: 2026-08-14T14:27:29+02:00
File Path: `file:///A:/omni%20read/core/renderer.py`
Total Lines: 3348
Total Bytes: 167102
Showing lines 860 to 910
The fo

Found a view of 4464 bytes
Created At: 2026-08-14T14:27:57+02:00
Completed At: 2026-08-14T14:27:57+02:00
File Path: `file:///A:/omni%20read/core/renderer.py`
Total Lines: 3348
Total Bytes: 167102
Showing lines 1640 to 1700
The 

Found a view of 3877 bytes
Created At: 2026-08-14T14:28:05+02:00
Completed At: 2026-08-14T14:28:05+02:00
File Path: `file:///A:/omni%20read/core/renderer.py`
Total Lines: 3348
Total Bytes: 167102
Showing lines 1930 to 2000
The 

Found a view of 4055 bytes
Created At: 2026-08-14T14:28:08+02:00
Completed At: 2026-08-14T14:28:08+02:00
File Path: `file:///A:/omni%20read/core/renderer.py`
Total Lines: 3348
Total Bytes: 167102
Showing lines 2720 to 2780
The 

Found a view of 3473 bytes
Created At: 2026-08-14T14:28:13+02:00
Completed At: 2026-08-14T14:28:13+02:00
File Path: `file:///A:/omni%20read/core/renderer.py`
Total Lines: 3348
Total Bytes: 167102
Showing lines 2630 to 2680
The 

Found a view of 4747 bytes
Created At: 2026-08-14T14:28:21+02:00
Completed At: 2026-08-14T14:28:22+02:00
File Path: `file:///A:/omni%20read/core/renderer.py`
Total Lines: 3348
Total Bytes: 167102
Showing lines 2560 to 2630
The 

Found a view of 3384 bytes
Created At: 2026-08-14T14:28:28+02:00
Completed At: 2026-08-14T14:28:28+02:00
File Path: `file:///A:/omni%20read/core/renderer.py`
Total Lines: 3348
Total Bytes: 167102
Showing lines 1590 to 1640
The 

Found a view of 5337 bytes
Created At: 2026-08-14T14:28:32+02:00
Completed At: 2026-08-14T14:28:32+02:00
File Path: `file:///A:/omni%20read/core/renderer.py`
Total Lines: 3348
Total Bytes: 167102
Showing lines 1700 to 1770
The 

Found a view of 3920 bytes
Created At: 2026-08-14T14:28:36+02:00
Completed At: 2026-08-14T14:28:36+02:00
File Path: `file:///A:/omni%20read/core/renderer.py`
Total Lines: 3348
Total Bytes: 167102
Showing lines 1770 to 1830
The 

Found a view of 4024 bytes
Created At: 2026-08-14T14:28:39+02:00
Completed At: 2026-08-14T14:28:39+02:00
File Path: `file:///A:/omni%20read/core/renderer.py`
Total Lines: 3348
Total Bytes: 167102
Showing lines 1410 to 1490
The 

Found a view of 4797 bytes
Created At: 2026-08-14T14:28:45+02:00
Completed At: 2026-08-14T14:28:45+02:00
File Path: `file:///A:/omni%20read/core/renderer.py`
Total Lines: 3351
Total Bytes: 167357
Showing lines 3150 to 3220
The 

Found a view of 3163 bytes
Created At: 2026-08-14T14:28:48+02:00
Completed At: 2026-08-14T14:28:48+02:00
File Path: `file:///A:/omni%20read/core/renderer.py`
Total Lines: 3351
Total Bytes: 167357
Showing lines 3220 to 3270
The 

Found a view of 4002 bytes
Created At: 2026-08-14T14:28:57+02:00
Completed At: 2026-08-14T14:28:57+02:00
File Path: `file:///A:/omni%20read/core/renderer.py`
Total Lines: 3351
Total Bytes: 167357
Showing lines 2680 to 2735
The 

Found a view of 2775 bytes
Created At: 2026-08-14T14:29:08+02:00
Completed At: 2026-08-14T14:29:08+02:00
File Path: `file:///A:/omni%20read/core/renderer.py`
Total Lines: 3351
Total Bytes: 167357
Showing lines 1230 to 1280
The 

Found a view of 2136 bytes
Created At: 2026-08-14T14:29:28+02:00
Completed At: 2026-08-14T14:29:28+02:00
File Path: `file:///A:/omni%20read/core/renderer.py`
Total Lines: 3351
Total Bytes: 167357
Showing lines 3120 to 3150
The 

Found a view of 3987 bytes
Created At: 2026-08-14T14:29:38+02:00
Completed At: 2026-08-14T14:29:38+02:00
File Path: `file:///A:/omni%20read/core/renderer.py`
Total Lines: 3351
Total Bytes: 167357
Showing lines 1930 to 2000
The 

Found a view of 5479 bytes
Created At: 2026-08-14T14:30:00+02:00
Completed At: 2026-08-14T14:30:00+02:00
File Path: `file:///A:/omni%20read/core/renderer.py`
Total Lines: 3351
Total Bytes: 167357
Showing lines 2000 to 2080
The 

Found a view of 5617 bytes
Created At: 2026-08-14T14:30:11+02:00
Completed At: 2026-08-14T14:30:11+02:00
File Path: `file:///A:/omni%20read/core/renderer.py`
Total Lines: 3355
Total Bytes: 167622
Showing lines 2210 to 2300
The 

Found a view of 4673 bytes
Created At: 2026-08-14T14:30:28+02:00
Completed At: 2026-08-14T14:30:28+02:00
File Path: `file:///A:/omni%20read/core/renderer.py`
Total Lines: 3355
Total Bytes: 167622
Showing lines 2370 to 2440
The 

